Mplus VERSION 8.11
MUTHEN & MUTHEN
05/03/2026  11:25 PM

INPUT INSTRUCTIONS

  TITLE: Bayesian Analysis - Reference Group White Female;

  DATA:
    FILE IS "S:\Ibrahim\UConn Spencer Project Analysis Delaware Data\K-12_24.txt";

  VARIABLE:
      NAMES ARE Schl is_sped reg_num regses_num;

      ! Category 13 (White_F) is removed from here to make it the reference
      USEVARIABLES ARE is_sped
        reg_aa_f reg_aa_m reg_ai_f reg_ai_m
        reg_as_f reg_as_m reg_hw_f reg_hw_m
        reg_hl_f reg_hl_m reg_mr_f reg_mr_m
        reg_w_m;

      CATEGORICAL IS is_sped;
      MISSING ARE ALL (-999); !tells MPLUS the empty cells are all NAs

    DEFINE:
      ! Reference Group: White_Female (Excluded from definitions)

      reg_aa_f = (reg_num == 1);   ! African American Female
      reg_aa_m  = (reg_num == 2);   ! African American Male
      reg_ai_f = (reg_num == 3);   ! American Indian Female
      reg_ai_m = (reg_num == 4);   ! American Indian Male
      reg_as_f = (reg_num == 5);   ! Asian Female
      reg_as_m = (reg_num == 6);   ! Asian Male
      reg_hw_f = (reg_num == 7);   ! Hawaiian Female
      reg_hw_m = (reg_num == 8);   ! Hawaiian Male
      reg_hl_f = (reg_num == 9);  ! Hispanic/Latino Female
      reg_hl_m = (reg_num == 10);  ! Hispanic/Latino Male
      reg_mr_f = (reg_num == 11);  ! Multi-Racial Female
      reg_mr_m = (reg_num == 12);  ! Multi-Racial Male
      reg_w_m = (reg_num == 16);  ! White Male

    ANALYSIS:
      ESTIMATOR = BAYES;
      PROCESSORS = 4;
      BITERATIONS = (5000);
      BCONVERGENCE = 0.01;

    MODEL:
    ! Model now strictly tests group differences against white females
      is_sped ON reg_aa_f reg_aa_m reg_ai_f reg_ai_m
        reg_as_f reg_as_m reg_hw_f reg_hw_m
        reg_hl_f reg_hl_m reg_mr_f reg_mr_m
        reg_w_m;

    OUTPUT:
      TECH1 TECH8 STANDARDIZED;



INPUT READING TERMINATED NORMALLY



Bayesian Analysis - Reference Group White Female;

SUMMARY OF ANALYSIS

Number of groups                                                 1
Number of observations                                      139601

Number of dependent variables                                    1
Number of independent variables                                 13
Number of continuous latent variables                            0

Observed dependent variables

  Binary and ordered categorical (ordinal)
   IS_SPED

Observed independent variables
   REG_AA_F    REG_AA_M    REG_AI_F    REG_AI_M    REG_AS_F    REG_AS_M
   REG_HW_F    REG_HW_M    REG_HL_F    REG_HL_M    REG_MR_F    REG_MR_M
   REG_W_M


Estimator                                                    BAYES
Specifications for Bayesian Estimation
  Point estimate                                            MEDIAN
  Number of Markov chain Monte Carlo (MCMC) chains               2
  Random seed for the first chain                                0
  Starting value information                           UNPERTURBED
  Algorithm used for Markov chain Monte Carlo           GIBBS(PX1)
  Convergence criterion                                  0.100D-01
  Maximum number of iterations                               50000
  K-th iteration used for thinning                               1
Link                                                        PROBIT

Input data file(s)
  S:\Ibrahim\UConn Spencer Project Analysis Delaware Data\K-12_24.txt
Input data format  FREE


SUMMARY OF DATA



COVARIANCE COVERAGE OF DATA

Minimum covariance coverage value   0.100

     Number of missing data patterns             1


     PROPORTION OF DATA PRESENT


           Covariance Coverage
              IS_SPED       REG_AA_F      REG_AA_M      REG_AI_F      REG_AI_M
              ________      ________      ________      ________      ________
 IS_SPED        1.000
 REG_AA_F       1.000         1.000
 REG_AA_M       1.000         1.000         1.000
 REG_AI_F       1.000         1.000         1.000         1.000
 REG_AI_M       1.000         1.000         1.000         1.000         1.000
 REG_AS_F       1.000         1.000         1.000         1.000         1.000
 REG_AS_M       1.000         1.000         1.000         1.000         1.000
 REG_HW_F       1.000         1.000         1.000         1.000         1.000
 REG_HW_M       1.000         1.000         1.000         1.000         1.000
 REG_HL_F       1.000         1.000         1.000         1.000         1.000
 REG_HL_M       1.000         1.000         1.000         1.000         1.000
 REG_MR_F       1.000         1.000         1.000         1.000         1.000
 REG_MR_M       1.000         1.000         1.000         1.000         1.000
 REG_W_M        1.000         1.000         1.000         1.000         1.000


           Covariance Coverage
              REG_AS_F      REG_AS_M      REG_HW_F      REG_HW_M      REG_HL_F
              ________      ________      ________      ________      ________
 REG_AS_F       1.000
 REG_AS_M       1.000         1.000
 REG_HW_F       1.000         1.000         1.000
 REG_HW_M       1.000         1.000         1.000         1.000
 REG_HL_F       1.000         1.000         1.000         1.000         1.000
 REG_HL_M       1.000         1.000         1.000         1.000         1.000
 REG_MR_F       1.000         1.000         1.000         1.000         1.000
 REG_MR_M       1.000         1.000         1.000         1.000         1.000
 REG_W_M        1.000         1.000         1.000         1.000         1.000


           Covariance Coverage
              REG_HL_M      REG_MR_F      REG_MR_M      REG_W_M
              ________      ________      ________      ________
 REG_HL_M       1.000
 REG_MR_F       1.000         1.000
 REG_MR_M       1.000         1.000         1.000
 REG_W_M        1.000         1.000         1.000         1.000


UNIVARIATE PROPORTIONS AND COUNTS FOR CATEGORICAL VARIABLES

    IS_SPED
      Category 1    0.829       115683.000
      Category 2    0.171        23918.000



UNIVARIATE SAMPLE STATISTICS


     UNIVARIATE HIGHER-ORDER MOMENT DESCRIPTIVE STATISTICS

         Variable/         Mean/     Skewness/   Minimum/ % with                Percentiles
        Sample Size      Variance    Kurtosis    Maximum  Min/Max      20%/60%    40%/80%    Median

     REG_AA_F              0.151       1.954       0.000   84.94%       0.000      0.000      0.000
          139601.000       0.128       1.820       1.000   15.06%       0.000      0.000
     REG_AA_M              0.157       1.886       0.000   84.30%       0.000      0.000      0.000
          139601.000       0.132       1.555       1.000   15.70%       0.000      0.000
     REG_AI_F              0.002      22.423       0.000   99.80%       0.000      0.000      0.000
          139601.000       0.002     500.803       1.000    0.20%       0.000      0.000
     REG_AI_M              0.002      22.262       0.000   99.80%       0.000      0.000      0.000
          139601.000       0.002     493.577       1.000    0.20%       0.000      0.000
     REG_AS_F              0.021       6.675       0.000   97.90%       0.000      0.000      0.000
          139601.000       0.021      42.553       1.000    2.10%       0.000      0.000
     REG_AS_M              0.023       6.326       0.000   97.67%       0.000      0.000      0.000
          139601.000       0.023      38.018       1.000    2.33%       0.000      0.000
     REG_HW_F              0.001      38.498       0.000   99.93%       0.000      0.000      0.000
          139601.000       0.001    1480.118       1.000    0.07%       0.000      0.000
     REG_HW_M              0.001      39.346       0.000   99.94%       0.000      0.000      0.000
          139601.000       0.001    1546.123       1.000    0.06%       0.000      0.000
     REG_HL_F              0.098       2.713       0.000   90.25%       0.000      0.000      0.000
          139601.000       0.088       5.362       1.000    9.75%       0.000      0.000
     REG_HL_M              0.099       2.688       0.000   90.11%       0.000      0.000      0.000
          139601.000       0.089       5.223       1.000    9.89%       0.000      0.000
     REG_MR_F              0.027       5.795       0.000   97.26%       0.000      0.000      0.000
          139601.000       0.027      31.582       1.000    2.74%       0.000      0.000
     REG_MR_M              0.027       5.799       0.000   97.27%       0.000      0.000      0.000
          139601.000       0.027      31.630       1.000    2.73%       0.000      0.000
     REG_W_M               0.203       1.478       0.000   79.72%       0.000      0.000      0.000
          139601.000       0.162       0.186       1.000   20.28%       0.000      1.000


THE MODEL ESTIMATION TERMINATED NORMALLY

     USE THE FBITERATIONS OPTION TO INCREASE THE NUMBER OF ITERATIONS BY A FACTOR
     OF AT LEAST TWO TO CHECK CONVERGENCE AND THAT THE PSR VALUE DOES NOT INCREASE.



MODEL FIT INFORMATION

Number of Free Parameters                              14

Bayesian Posterior Predictive Checking using Chi-Square

          95% Confidence Interval for the Difference Between
          the Observed and the Replicated Chi-Square Values

                                -15.259            15.669

          Posterior Predictive P-Value              0.496



MODEL RESULTS

                                Posterior  One-Tailed         95% C.I.
                    Estimate       S.D.      P-Value   Lower 2.5%  Upper 2.5%  Significance

 IS_SPED    ON
    REG_AA_F           0.112       0.014      0.000       0.084       0.140      *
    REG_AA_M           0.475       0.014      0.000       0.449       0.502      *
    REG_AI_F           0.032       0.096      0.372      -0.157       0.215
    REG_AI_M           0.377       0.084      0.000       0.211       0.537      *
    REG_AS_F          -0.616       0.042      0.000      -0.699      -0.535      *
    REG_AS_M          -0.153       0.032      0.000      -0.216      -0.090      *
    REG_HW_F           0.046       0.162      0.389      -0.275       0.362
    REG_HW_M           0.090       0.164      0.299      -0.245       0.392
    REG_HL_F          -0.051       0.017      0.002      -0.085      -0.018      *
    REG_HL_M           0.277       0.016      0.000       0.246       0.307      *
    REG_MR_F          -0.013       0.029      0.328      -0.069       0.043
    REG_MR_M           0.363       0.024      0.000       0.315       0.410      *
    REG_W_M            0.316       0.013      0.000       0.292       0.342      *

 Thresholds
    IS_SPED$1          1.144       0.010      0.000       1.125       1.163      *


STANDARDIZED MODEL RESULTS


STDYX Standardization

                                Posterior  One-Tailed         95% C.I.
                    Estimate       S.D.      P-Value   Lower 2.5%  Upper 2.5%  Significance
 IS_SPED    ON
    REG_AA_F           0.039       0.005      0.000       0.029       0.049      *
    REG_AA_M           0.169       0.005      0.000       0.160       0.178      *
    REG_AI_F           0.001       0.004      0.372      -0.007       0.009
    REG_AI_M           0.016       0.004      0.000       0.009       0.023      *
    REG_AS_F          -0.086       0.006      0.000      -0.098      -0.075      *
    REG_AS_M          -0.022       0.005      0.000      -0.032      -0.013      *
    REG_HW_F           0.001       0.004      0.389      -0.007       0.009
    REG_HW_M           0.002       0.004      0.299      -0.006       0.010
    REG_HL_F          -0.015       0.005      0.002      -0.025      -0.005      *
    REG_HL_M           0.081       0.005      0.000       0.072       0.090      *
    REG_MR_F          -0.002       0.005      0.328      -0.011       0.007
    REG_MR_M           0.058       0.004      0.000       0.050       0.065      *
    REG_W_M            0.124       0.005      0.000       0.115       0.134      *

 Thresholds
    IS_SPED$1          1.117       0.009      0.000       1.099       1.135      *


STDY Standardization

                                Posterior  One-Tailed         95% C.I.
                    Estimate       S.D.      P-Value   Lower 2.5%  Upper 2.5%  Significance
 IS_SPED    ON
    REG_AA_F           0.109       0.014      0.000       0.082       0.136      *
    REG_AA_M           0.464       0.013      0.000       0.439       0.490      *
    REG_AI_F           0.031       0.094      0.372      -0.153       0.210
    REG_AI_M           0.368       0.082      0.000       0.206       0.524      *
    REG_AS_F          -0.602       0.041      0.000      -0.682      -0.523      *
    REG_AS_M          -0.149       0.031      0.000      -0.211      -0.088      *
    REG_HW_F           0.045       0.158      0.389      -0.269       0.353
    REG_HW_M           0.088       0.160      0.299      -0.240       0.383
    REG_HL_F          -0.050       0.017      0.002      -0.083      -0.017      *
    REG_HL_M           0.270       0.015      0.000       0.240       0.300      *
    REG_MR_F          -0.013       0.028      0.328      -0.067       0.042
    REG_MR_M           0.354       0.024      0.000       0.308       0.400      *
    REG_W_M            0.309       0.013      0.000       0.285       0.334      *

 Thresholds
    IS_SPED$1          1.117       0.009      0.000       1.099       1.135      *


STD Standardization

                                Posterior  One-Tailed         95% C.I.
                    Estimate       S.D.      P-Value   Lower 2.5%  Upper 2.5%  Significance
 IS_SPED    ON
    REG_AA_F           0.112       0.014      0.000       0.084       0.140      *
    REG_AA_M           0.475       0.014      0.000       0.449       0.502      *
    REG_AI_F           0.032       0.096      0.372      -0.157       0.215
    REG_AI_M           0.377       0.084      0.000       0.211       0.537      *
    REG_AS_F          -0.616       0.042      0.000      -0.699      -0.535      *
    REG_AS_M          -0.153       0.032      0.000      -0.216      -0.090      *
    REG_HW_F           0.046       0.162      0.389      -0.275       0.362
    REG_HW_M           0.090       0.164      0.299      -0.245       0.392
    REG_HL_F          -0.051       0.017      0.002      -0.085      -0.018      *
    REG_HL_M           0.277       0.016      0.000       0.246       0.307      *
    REG_MR_F          -0.013       0.029      0.328      -0.069       0.043
    REG_MR_M           0.363       0.024      0.000       0.315       0.410      *
    REG_W_M            0.316       0.013      0.000       0.292       0.342      *

 Thresholds
    IS_SPED$1          1.144       0.010      0.000       1.125       1.163      *


R-SQUARE

                                Posterior  One-Tailed         95% C.I.
    Variable        Estimate       S.D.      P-Value   Lower 2.5%  Upper 2.5%

    IS_SPED            0.046       0.002      0.000       0.043       0.050


TECHNICAL 1 OUTPUT


     PARAMETER SPECIFICATION


           TAU
              IS_SPED$
              ________
                   14


           NU
              IS_SPED       REG_AA_F      REG_AA_M      REG_AI_F      REG_AI_M
              ________      ________      ________      ________      ________
                    0             0             0             0             0


           NU
              REG_AS_F      REG_AS_M      REG_HW_F      REG_HW_M      REG_HL_F
              ________      ________      ________      ________      ________
                    0             0             0             0             0


           NU
              REG_HL_M      REG_MR_F      REG_MR_M      REG_W_M
              ________      ________      ________      ________
                    0             0             0             0


           LAMBDA
              IS_SPED       REG_AA_F      REG_AA_M      REG_AI_F      REG_AI_M
              ________      ________      ________      ________      ________
 IS_SPED            0             0             0             0             0
 REG_AA_F           0             0             0             0             0
 REG_AA_M           0             0             0             0             0
 REG_AI_F           0             0             0             0             0
 REG_AI_M           0             0             0             0             0
 REG_AS_F           0             0             0             0             0
 REG_AS_M           0             0             0             0             0
 REG_HW_F           0             0             0             0             0
 REG_HW_M           0             0             0             0             0
 REG_HL_F           0             0             0             0             0
 REG_HL_M           0             0             0             0             0
 REG_MR_F           0             0             0             0             0
 REG_MR_M           0             0             0             0             0
 REG_W_M            0             0             0             0             0


           LAMBDA
              REG_AS_F      REG_AS_M      REG_HW_F      REG_HW_M      REG_HL_F
              ________      ________      ________      ________      ________
 IS_SPED            0             0             0             0             0
 REG_AA_F           0             0             0             0             0
 REG_AA_M           0             0             0             0             0
 REG_AI_F           0             0             0             0             0
 REG_AI_M           0             0             0             0             0
 REG_AS_F           0             0             0             0             0
 REG_AS_M           0             0             0             0             0
 REG_HW_F           0             0             0             0             0
 REG_HW_M           0             0             0             0             0
 REG_HL_F           0             0             0             0             0
 REG_HL_M           0             0             0             0             0
 REG_MR_F           0             0             0             0             0
 REG_MR_M           0             0             0             0             0
 REG_W_M            0             0             0             0             0


           LAMBDA
              REG_HL_M      REG_MR_F      REG_MR_M      REG_W_M
              ________      ________      ________      ________
 IS_SPED            0             0             0             0
 REG_AA_F           0             0             0             0
 REG_AA_M           0             0             0             0
 REG_AI_F           0             0             0             0
 REG_AI_M           0             0             0             0
 REG_AS_F           0             0             0             0
 REG_AS_M           0             0             0             0
 REG_HW_F           0             0             0             0
 REG_HW_M           0             0             0             0
 REG_HL_F           0             0             0             0
 REG_HL_M           0             0             0             0
 REG_MR_F           0             0             0             0
 REG_MR_M           0             0             0             0
 REG_W_M            0             0             0             0


           THETA
              IS_SPED       REG_AA_F      REG_AA_M      REG_AI_F      REG_AI_M
              ________      ________      ________      ________      ________
 IS_SPED            0
 REG_AA_F           0             0
 REG_AA_M           0             0             0
 REG_AI_F           0             0             0             0
 REG_AI_M           0             0             0             0             0
 REG_AS_F           0             0             0             0             0
 REG_AS_M           0             0             0             0             0
 REG_HW_F           0             0             0             0             0
 REG_HW_M           0             0             0             0             0
 REG_HL_F           0             0             0             0             0
 REG_HL_M           0             0             0             0             0
 REG_MR_F           0             0             0             0             0
 REG_MR_M           0             0             0             0             0
 REG_W_M            0             0             0             0             0


           THETA
              REG_AS_F      REG_AS_M      REG_HW_F      REG_HW_M      REG_HL_F
              ________      ________      ________      ________      ________
 REG_AS_F           0
 REG_AS_M           0             0
 REG_HW_F           0             0             0
 REG_HW_M           0             0             0             0
 REG_HL_F           0             0             0             0             0
 REG_HL_M           0             0             0             0             0
 REG_MR_F           0             0             0             0             0
 REG_MR_M           0             0             0             0             0
 REG_W_M            0             0             0             0             0


           THETA
              REG_HL_M      REG_MR_F      REG_MR_M      REG_W_M
              ________      ________      ________      ________
 REG_HL_M           0
 REG_MR_F           0             0
 REG_MR_M           0             0             0
 REG_W_M            0             0             0             0


           ALPHA
              IS_SPED       REG_AA_F      REG_AA_M      REG_AI_F      REG_AI_M
              ________      ________      ________      ________      ________
                    0             0             0             0             0


           ALPHA
              REG_AS_F      REG_AS_M      REG_HW_F      REG_HW_M      REG_HL_F
              ________      ________      ________      ________      ________
                    0             0             0             0             0


           ALPHA
              REG_HL_M      REG_MR_F      REG_MR_M      REG_W_M
              ________      ________      ________      ________
                    0             0             0             0


           BETA
              IS_SPED       REG_AA_F      REG_AA_M      REG_AI_F      REG_AI_M
              ________      ________      ________      ________      ________
 IS_SPED            0             1             2             3             4
 REG_AA_F           0             0             0             0             0
 REG_AA_M           0             0             0             0             0
 REG_AI_F           0             0             0             0             0
 REG_AI_M           0             0             0             0             0
 REG_AS_F           0             0             0             0             0
 REG_AS_M           0             0             0             0             0
 REG_HW_F           0             0             0             0             0
 REG_HW_M           0             0             0             0             0
 REG_HL_F           0             0             0             0             0
 REG_HL_M           0             0             0             0             0
 REG_MR_F           0             0             0             0             0
 REG_MR_M           0             0             0             0             0
 REG_W_M            0             0             0             0             0


           BETA
              REG_AS_F      REG_AS_M      REG_HW_F      REG_HW_M      REG_HL_F
              ________      ________      ________      ________      ________
 IS_SPED            5             6             7             8             9
 REG_AA_F           0             0             0             0             0
 REG_AA_M           0             0             0             0             0
 REG_AI_F           0             0             0             0             0
 REG_AI_M           0             0             0             0             0
 REG_AS_F           0             0             0             0             0
 REG_AS_M           0             0             0             0             0
 REG_HW_F           0             0             0             0             0
 REG_HW_M           0             0             0             0             0
 REG_HL_F           0             0             0             0             0
 REG_HL_M           0             0             0             0             0
 REG_MR_F           0             0             0             0             0
 REG_MR_M           0             0             0             0             0
 REG_W_M            0             0             0             0             0


           BETA
              REG_HL_M      REG_MR_F      REG_MR_M      REG_W_M
              ________      ________      ________      ________
 IS_SPED           10            11            12            13
 REG_AA_F           0             0             0             0
 REG_AA_M           0             0             0             0
 REG_AI_F           0             0             0             0
 REG_AI_M           0             0             0             0
 REG_AS_F           0             0             0             0
 REG_AS_M           0             0             0             0
 REG_HW_F           0             0             0             0
 REG_HW_M           0             0             0             0
 REG_HL_F           0             0             0             0
 REG_HL_M           0             0             0             0
 REG_MR_F           0             0             0             0
 REG_MR_M           0             0             0             0
 REG_W_M            0             0             0             0


           PSI
              IS_SPED       REG_AA_F      REG_AA_M      REG_AI_F      REG_AI_M
              ________      ________      ________      ________      ________
 IS_SPED            0
 REG_AA_F           0             0
 REG_AA_M           0             0             0
 REG_AI_F           0             0             0             0
 REG_AI_M           0             0             0             0             0
 REG_AS_F           0             0             0             0             0
 REG_AS_M           0             0             0             0             0
 REG_HW_F           0             0             0             0             0
 REG_HW_M           0             0             0             0             0
 REG_HL_F           0             0             0             0             0
 REG_HL_M           0             0             0             0             0
 REG_MR_F           0             0             0             0             0
 REG_MR_M           0             0             0             0             0
 REG_W_M            0             0             0             0             0


           PSI
              REG_AS_F      REG_AS_M      REG_HW_F      REG_HW_M      REG_HL_F
              ________      ________      ________      ________      ________
 REG_AS_F           0
 REG_AS_M           0             0
 REG_HW_F           0             0             0
 REG_HW_M           0             0             0             0
 REG_HL_F           0             0             0             0             0
 REG_HL_M           0             0             0             0             0
 REG_MR_F           0             0             0             0             0
 REG_MR_M           0             0             0             0             0
 REG_W_M            0             0             0             0             0


           PSI
              REG_HL_M      REG_MR_F      REG_MR_M      REG_W_M
              ________      ________      ________      ________
 REG_HL_M           0
 REG_MR_F           0             0
 REG_MR_M           0             0             0
 REG_W_M            0             0             0             0


     STARTING VALUES


           TAU
              IS_SPED$
              ________
                0.876


           NU
              IS_SPED       REG_AA_F      REG_AA_M      REG_AI_F      REG_AI_M
              ________      ________      ________      ________      ________
                0.000         0.000         0.000         0.000         0.000


           NU
              REG_AS_F      REG_AS_M      REG_HW_F      REG_HW_M      REG_HL_F
              ________      ________      ________      ________      ________
                0.000         0.000         0.000         0.000         0.000


           NU
              REG_HL_M      REG_MR_F      REG_MR_M      REG_W_M
              ________      ________      ________      ________
                0.000         0.000         0.000         0.000


           LAMBDA
              IS_SPED       REG_AA_F      REG_AA_M      REG_AI_F      REG_AI_M
              ________      ________      ________      ________      ________
 IS_SPED        1.000         0.000         0.000         0.000         0.000
 REG_AA_F       0.000         1.000         0.000         0.000         0.000
 REG_AA_M       0.000         0.000         1.000         0.000         0.000
 REG_AI_F       0.000         0.000         0.000         1.000         0.000
 REG_AI_M       0.000         0.000         0.000         0.000         1.000
 REG_AS_F       0.000         0.000         0.000         0.000         0.000
 REG_AS_M       0.000         0.000         0.000         0.000         0.000
 REG_HW_F       0.000         0.000         0.000         0.000         0.000
 REG_HW_M       0.000         0.000         0.000         0.000         0.000
 REG_HL_F       0.000         0.000         0.000         0.000         0.000
 REG_HL_M       0.000         0.000         0.000         0.000         0.000
 REG_MR_F       0.000         0.000         0.000         0.000         0.000
 REG_MR_M       0.000         0.000         0.000         0.000         0.000
 REG_W_M        0.000         0.000         0.000         0.000         0.000


           LAMBDA
              REG_AS_F      REG_AS_M      REG_HW_F      REG_HW_M      REG_HL_F
              ________      ________      ________      ________      ________
 IS_SPED        0.000         0.000         0.000         0.000         0.000
 REG_AA_F       0.000         0.000         0.000         0.000         0.000
 REG_AA_M       0.000         0.000         0.000         0.000         0.000
 REG_AI_F       0.000         0.000         0.000         0.000         0.000
 REG_AI_M       0.000         0.000         0.000         0.000         0.000
 REG_AS_F       1.000         0.000         0.000         0.000         0.000
 REG_AS_M       0.000         1.000         0.000         0.000         0.000
 REG_HW_F       0.000         0.000         1.000         0.000         0.000
 REG_HW_M       0.000         0.000         0.000         1.000         0.000
 REG_HL_F       0.000         0.000         0.000         0.000         1.000
 REG_HL_M       0.000         0.000         0.000         0.000         0.000
 REG_MR_F       0.000         0.000         0.000         0.000         0.000
 REG_MR_M       0.000         0.000         0.000         0.000         0.000
 REG_W_M        0.000         0.000         0.000         0.000         0.000


           LAMBDA
              REG_HL_M      REG_MR_F      REG_MR_M      REG_W_M
              ________      ________      ________      ________
 IS_SPED        0.000         0.000         0.000         0.000
 REG_AA_F       0.000         0.000         0.000         0.000
 REG_AA_M       0.000         0.000         0.000         0.000
 REG_AI_F       0.000         0.000         0.000         0.000
 REG_AI_M       0.000         0.000         0.000         0.000
 REG_AS_F       0.000         0.000         0.000         0.000
 REG_AS_M       0.000         0.000         0.000         0.000
 REG_HW_F       0.000         0.000         0.000         0.000
 REG_HW_M       0.000         0.000         0.000         0.000
 REG_HL_F       0.000         0.000         0.000         0.000
 REG_HL_M       1.000         0.000         0.000         0.000
 REG_MR_F       0.000         1.000         0.000         0.000
 REG_MR_M       0.000         0.000         1.000         0.000
 REG_W_M        0.000         0.000         0.000         1.000


           THETA
              IS_SPED       REG_AA_F      REG_AA_M      REG_AI_F      REG_AI_M
              ________      ________      ________      ________      ________
 IS_SPED        0.000
 REG_AA_F       0.000         0.000
 REG_AA_M       0.000         0.000         0.000
 REG_AI_F       0.000         0.000         0.000         0.000
 REG_AI_M       0.000         0.000         0.000         0.000         0.000
 REG_AS_F       0.000         0.000         0.000         0.000         0.000
 REG_AS_M       0.000         0.000         0.000         0.000         0.000
 REG_HW_F       0.000         0.000         0.000         0.000         0.000
 REG_HW_M       0.000         0.000         0.000         0.000         0.000
 REG_HL_F       0.000         0.000         0.000         0.000         0.000
 REG_HL_M       0.000         0.000         0.000         0.000         0.000
 REG_MR_F       0.000         0.000         0.000         0.000         0.000
 REG_MR_M       0.000         0.000         0.000         0.000         0.000
 REG_W_M        0.000         0.000         0.000         0.000         0.000


           THETA
              REG_AS_F      REG_AS_M      REG_HW_F      REG_HW_M      REG_HL_F
              ________      ________      ________      ________      ________
 REG_AS_F       0.000
 REG_AS_M       0.000         0.000
 REG_HW_F       0.000         0.000         0.000
 REG_HW_M       0.000         0.000         0.000         0.000
 REG_HL_F       0.000         0.000         0.000         0.000         0.000
 REG_HL_M       0.000         0.000         0.000         0.000         0.000
 REG_MR_F       0.000         0.000         0.000         0.000         0.000
 REG_MR_M       0.000         0.000         0.000         0.000         0.000
 REG_W_M        0.000         0.000         0.000         0.000         0.000


           THETA
              REG_HL_M      REG_MR_F      REG_MR_M      REG_W_M
              ________      ________      ________      ________
 REG_HL_M       0.000
 REG_MR_F       0.000         0.000
 REG_MR_M       0.000         0.000         0.000
 REG_W_M        0.000         0.000         0.000         0.000


           ALPHA
              IS_SPED       REG_AA_F      REG_AA_M      REG_AI_F      REG_AI_M
              ________      ________      ________      ________      ________
                0.000         0.000         0.000         0.000         0.000


           ALPHA
              REG_AS_F      REG_AS_M      REG_HW_F      REG_HW_M      REG_HL_F
              ________      ________      ________      ________      ________
                0.000         0.000         0.000         0.000         0.000


           ALPHA
              REG_HL_M      REG_MR_F      REG_MR_M      REG_W_M
              ________      ________      ________      ________
                0.000         0.000         0.000         0.000


           BETA
              IS_SPED       REG_AA_F      REG_AA_M      REG_AI_F      REG_AI_M
              ________      ________      ________      ________      ________
 IS_SPED        0.000         0.000         0.000         0.000         0.000
 REG_AA_F       0.000         0.000         0.000         0.000         0.000
 REG_AA_M       0.000         0.000         0.000         0.000         0.000
 REG_AI_F       0.000         0.000         0.000         0.000         0.000
 REG_AI_M       0.000         0.000         0.000         0.000         0.000
 REG_AS_F       0.000         0.000         0.000         0.000         0.000
 REG_AS_M       0.000         0.000         0.000         0.000         0.000
 REG_HW_F       0.000         0.000         0.000         0.000         0.000
 REG_HW_M       0.000         0.000         0.000         0.000         0.000
 REG_HL_F       0.000         0.000         0.000         0.000         0.000
 REG_HL_M       0.000         0.000         0.000         0.000         0.000
 REG_MR_F       0.000         0.000         0.000         0.000         0.000
 REG_MR_M       0.000         0.000         0.000         0.000         0.000
 REG_W_M        0.000         0.000         0.000         0.000         0.000


           BETA
              REG_AS_F      REG_AS_M      REG_HW_F      REG_HW_M      REG_HL_F
              ________      ________      ________      ________      ________
 IS_SPED        0.000         0.000         0.000         0.000         0.000
 REG_AA_F       0.000         0.000         0.000         0.000         0.000
 REG_AA_M       0.000         0.000         0.000         0.000         0.000
 REG_AI_F       0.000         0.000         0.000         0.000         0.000
 REG_AI_M       0.000         0.000         0.000         0.000         0.000
 REG_AS_F       0.000         0.000         0.000         0.000         0.000
 REG_AS_M       0.000         0.000         0.000         0.000         0.000
 REG_HW_F       0.000         0.000         0.000         0.000         0.000
 REG_HW_M       0.000         0.000         0.000         0.000         0.000
 REG_HL_F       0.000         0.000         0.000         0.000         0.000
 REG_HL_M       0.000         0.000         0.000         0.000         0.000
 REG_MR_F       0.000         0.000         0.000         0.000         0.000
 REG_MR_M       0.000         0.000         0.000         0.000         0.000
 REG_W_M        0.000         0.000         0.000         0.000         0.000


           BETA
              REG_HL_M      REG_MR_F      REG_MR_M      REG_W_M
              ________      ________      ________      ________
 IS_SPED        0.000         0.000         0.000         0.000
 REG_AA_F       0.000         0.000         0.000         0.000
 REG_AA_M       0.000         0.000         0.000         0.000
 REG_AI_F       0.000         0.000         0.000         0.000
 REG_AI_M       0.000         0.000         0.000         0.000
 REG_AS_F       0.000         0.000         0.000         0.000
 REG_AS_M       0.000         0.000         0.000         0.000
 REG_HW_F       0.000         0.000         0.000         0.000
 REG_HW_M       0.000         0.000         0.000         0.000
 REG_HL_F       0.000         0.000         0.000         0.000
 REG_HL_M       0.000         0.000         0.000         0.000
 REG_MR_F       0.000         0.000         0.000         0.000
 REG_MR_M       0.000         0.000         0.000         0.000
 REG_W_M        0.000         0.000         0.000         0.000


           PSI
              IS_SPED       REG_AA_F      REG_AA_M      REG_AI_F      REG_AI_M
              ________      ________      ________      ________      ________
 IS_SPED        1.000
 REG_AA_F       0.000         0.064
 REG_AA_M       0.000         0.000         0.066
 REG_AI_F       0.000         0.000         0.000         0.001
 REG_AI_M       0.000         0.000         0.000         0.000         0.001
 REG_AS_F       0.000         0.000         0.000         0.000         0.000
 REG_AS_M       0.000         0.000         0.000         0.000         0.000
 REG_HW_F       0.000         0.000         0.000         0.000         0.000
 REG_HW_M       0.000         0.000         0.000         0.000         0.000
 REG_HL_F       0.000         0.000         0.000         0.000         0.000
 REG_HL_M       0.000         0.000         0.000         0.000         0.000
 REG_MR_F       0.000         0.000         0.000         0.000         0.000
 REG_MR_M       0.000         0.000         0.000         0.000         0.000
 REG_W_M        0.000         0.000         0.000         0.000         0.000


           PSI
              REG_AS_F      REG_AS_M      REG_HW_F      REG_HW_M      REG_HL_F
              ________      ________      ________      ________      ________
 REG_AS_F       0.010
 REG_AS_M       0.000         0.011
 REG_HW_F       0.000         0.000         0.000
 REG_HW_M       0.000         0.000         0.000         0.000
 REG_HL_F       0.000         0.000         0.000         0.000         0.044
 REG_HL_M       0.000         0.000         0.000         0.000         0.000
 REG_MR_F       0.000         0.000         0.000         0.000         0.000
 REG_MR_M       0.000         0.000         0.000         0.000         0.000
 REG_W_M        0.000         0.000         0.000         0.000         0.000


           PSI
              REG_HL_M      REG_MR_F      REG_MR_M      REG_W_M
              ________      ________      ________      ________
 REG_HL_M       0.045
 REG_MR_F       0.000         0.013
 REG_MR_M       0.000         0.000         0.013
 REG_W_M        0.000         0.000         0.000         0.081



     PRIORS FOR ALL PARAMETERS            PRIOR MEAN      PRIOR VARIANCE     PRIOR STD. DEV.

     Parameter 1~N(0.000,5.000)              0.0000              5.0000              2.2361
     Parameter 2~N(0.000,5.000)              0.0000              5.0000              2.2361
     Parameter 3~N(0.000,5.000)              0.0000              5.0000              2.2361
     Parameter 4~N(0.000,5.000)              0.0000              5.0000              2.2361
     Parameter 5~N(0.000,5.000)              0.0000              5.0000              2.2361
     Parameter 6~N(0.000,5.000)              0.0000              5.0000              2.2361
     Parameter 7~N(0.000,5.000)              0.0000              5.0000              2.2361
     Parameter 8~N(0.000,5.000)              0.0000              5.0000              2.2361
     Parameter 9~N(0.000,5.000)              0.0000              5.0000              2.2361
     Parameter 10~N(0.000,5.000)             0.0000              5.0000              2.2361
     Parameter 11~N(0.000,5.000)             0.0000              5.0000              2.2361
     Parameter 12~N(0.000,5.000)             0.0000              5.0000              2.2361
     Parameter 13~N(0.000,5.000)             0.0000              5.0000              2.2361
     Parameter 14~N(0.000,5.000)             0.0000              5.0000              2.2361


TECHNICAL 8 OUTPUT


   TECHNICAL 8 OUTPUT FOR BAYES ESTIMATION

     PROCESSOR    BSEED
     1            0
     2            285380
     3            253358
     4            93468

                     POTENTIAL       PARAMETER WITH
     ITERATION    SCALE REDUCTION      HIGHEST PSR
     100              1.095               10
     200              1.091               3
     300              1.086               4
     400              1.028               8
     500              1.017               5
     600              1.030               5
     700              1.017               1
     800              1.010               1
     900              1.005               1
     1000             1.005               5
     1100             1.007               1
     1200             1.009               5
     1300             1.016               1
     1400             1.010               1
     1500             1.007               5
     1600             1.008               5
     1700             1.008               1
     1800             1.008               1
     1900             1.005               1
     2000             1.009               3
     2100             1.007               3
     2200             1.006               3
     2300             1.007               3
     2400             1.005               3
     2500             1.003               8
     2600             1.004               3
     2700             1.005               5
     2800             1.006               5
     2900             1.004               8
     3000             1.006               5
     3100             1.005               8
     3200             1.005               5
     3300             1.008               5
     3400             1.012               5
     3500             1.010               5
     3600             1.014               5
     3700             1.015               5
     3800             1.015               5
     3900             1.018               5
     4000             1.022               5
     4100             1.025               5
     4200             1.024               5
     4300             1.021               5
     4400             1.015               5
     4500             1.010               5
     4600             1.010               5
     4700             1.009               5
     4800             1.008               5
     4900             1.009               5
     5000             1.008               5


DIAGRAM INFORMATION

  Use View Diagram under the Diagram menu in the Mplus Editor to view the diagram.
  If running Mplus from the Mplus Diagrammer, the diagram opens automatically.

  Diagram output
    s:\ibrahim\uconn spencer project analysis delaware data\regbayes-no-nesting.dgm

     Beginning Time:  23:25:48
        Ending Time:  23:28:55
       Elapsed Time:  00:03:07



MUTHEN & MUTHEN
3463 Stoner Ave.
Los Angeles, CA  90066

Tel: (310) 391-9971
Fax: (310) 391-8971
Web: www.StatModel.com
Support: Support@StatModel.com

Copyright (c) 1998-2024 Muthen & Muthen
