Mplus VERSION 8.11
MUTHEN & MUTHEN
09/25/2026   6:03 PM

INPUT INSTRUCTIONS

  TITLE:  Bayesian Unconditional Multilevel Model

  DATA:
    FILE IS "S:\Ibrahim\UConn Spencer Project Analysis Delaware Data\K-12_24.txt";

  VARIABLE: NAMES ARE Schl is_sped reg_num regses_num District
            pct_black_c pct_latine_c pct_white_c
            pct_sped_c pct_low_ses_c pct_lep_c r_seg;
            USEVARIABLES ARE r_seg;

  ! ordered categorical r_seg as (1,2,3,4)
  CATEGORICAL ARE r_seg;
      CLUSTER IS Schl;
      MISSING ARE ALL (-999); !tells MPLUS the empty cells are all NAs

  ANALYSIS:
      TYPE = TWOLEVEL;
      ESTIMATOR = BAYES;
      PROCESSORS = 4;
      BITERATIONS = (20000);
      BCONVERGENCE = 0.05;

  MODEL:
      %WITHIN%

      %BETWEEN%
      r_seg;                  !Unconditional

  OUTPUT:
      TECH1 TECH8 STANDARDIZED;

  PLOT:
      TYPE = PLOT2;







*** WARNING
  One or more individual-level variables have no variation within a
  cluster for the following clusters.

     Variable   Cluster IDs with no within-cluster variation

      R_SEG       745 530 615 655 538

*** WARNING
  Data set contains cases with missing on all variables.
  These cases were not included in the analysis.
  Number of cases with missing on all variables:  2209
   2 WARNING(S) FOUND IN THE INPUT INSTRUCTIONS



Bayesian Unconditional Multilevel Model

SUMMARY OF ANALYSIS

Number of groups                                                 1
Number of observations                                      137392

Number of dependent variables                                    1
Number of independent variables                                  0
Number of continuous latent variables                            0

Observed dependent variables

  Binary and ordered categorical (ordinal)
   R_SEG

Variables with special functions

  Cluster variable      SCHL

Estimator                                                    BAYES
Specifications for Bayesian Estimation
  Point estimate                                            MEDIAN
  Number of Markov chain Monte Carlo (MCMC) chains               2
  Random seed for the first chain                                0
  Starting value information                           UNPERTURBED
  Algorithm used for Markov chain Monte Carlo           GIBBS(PX1)
  Convergence criterion                                  0.500D-01
  Maximum number of iterations                               50000
  K-th iteration used for thinning                               1
Link                                                        PROBIT

Input data file(s)
  S:\Ibrahim\UConn Spencer Project Analysis Delaware Data\K-12_24.txt
Input data format  FREE


SUMMARY OF DATA

     Number of clusters                        217

       Size (s)    Cluster ID with Size s

          5        745
         12        530
         20        615
         44        655
         62        358
         66        650
         68        540
         71        538
         75        514
         76        728
         81        537
         84        362
        117        570
        119        516
        130        628
        144        4075
        151        750
        169        752
        177        630
        190        543
        191        27
        201        29
        209        36
        249        324
        257        640
        267        22
        271        310
        272        638
        274        334
        299        740
        303        244
        314        246
        315        636
        320        339
        324        264
        327        642 314
        328        322
        338        635 632
        339        658 326
        341        156
        344        332
        353        410
        356        318
        357        132
        361        612
        364        124
        365        420
        369        662
        371        266
        373        260
        379        670
        383        432
        384        418
        387        37
        391        248
        395        4080
        402        573
        404        761
        407        759 4055
        411        584
        415        456
        418        749
        423        613
        424        762
        426        684
        427        760
        430        256
        433        14
        436        782
        437        660 4090 330
        446        571
        450        240
        453        35
        456        682
        458        130
        459        321
        464        274
        465        280
        471        112
        475        320 16
        478        412 128 611 732
        480        646
        485        680
        487        21
        493        242
        496        710
        501        668
        506        254
        510        622
        511        616 110
        518        696
        525        722
        526        252 350
        528        681
        530        4040
        533        312
        537        352
        544        250
        547        327
        556        776
        558        20
        563        736
        564        721 578
        565        620
        567        712
        568        673
        570        10
        572        623
        574        28
        586        581
        592        11
        598        575
        599        669
        601        634
        602        292 779
        610        633
        611        621
        612        271 282
        614        270 775
        620        476
        631        637
        632        610
        642        4050
        653        690
        661        686
        669        374
        677        718
        681        720
        682        474
        683        780
        686        672
        702        724 176
        712        730
        719        170
        721        756
        722        692
        723        372
        726        733
        733        427
        739        586
        744        276
        747        742
        755        741
        761        579
        782        625
        785        32
        786        178
        800        376
        805        4045
        808        764
        816        734
        829        766
        852        33
        865        294
        871        180
        873        738
        876        392
        883        743
        898        470
        901        26 23
        908        151
        912        665
        920        190
        924        664 17
        928        261
        933        286
        969        295
        992        194
       1006        685
       1016        394
       1025        290
       1054        675
       1059        422 196
       1091        746
       1093        66
       1124        783
       1156        576
       1161        284
       1178        34
       1186        44
       1220        652
       1227        18
       1303        390
       1308        678
       1321        770
       1392        587
       1393        24
       1441        568
       1598        80
       1786        688
       1853        648
       1910        726
       2000        748
       2044        490
       2181        585
       2236        626
       3045        588



COVARIANCE COVERAGE OF DATA

Minimum covariance coverage value   0.100

     Number of missing data patterns             1


     PROPORTION OF DATA PRESENT


           Covariance Coverage
              R_SEG
              ________
 R_SEG          1.000


UNIVARIATE PROPORTIONS AND COUNTS FOR CATEGORICAL VARIABLES

    R_SEG
      Category 1    0.845       116138.000
      Category 2    0.101        13934.000
      Category 3    0.026         3599.000
      Category 4    0.027         3721.000



THE MODEL ESTIMATION TERMINATED NORMALLY

     USE THE FBITERATIONS OPTION TO INCREASE THE NUMBER OF ITERATIONS BY A FACTOR
     OF AT LEAST TWO TO CHECK CONVERGENCE AND THAT THE PSR VALUE DOES NOT INCREASE.



MODEL FIT INFORMATION

Number of Free Parameters                               4

Bayesian Posterior Predictive Checking using Chi-Square

          95% Confidence Interval for the Difference Between
          the Observed and the Replicated Chi-Square Values

                                 -8.319             7.562

          Posterior Predictive P-Value              0.513



MODEL RESULTS

                                Posterior  One-Tailed         95% C.I.
                    Estimate       S.D.      P-Value   Lower 2.5%  Upper 2.5%  Significance

Within Level

Between Level

 Thresholds
    R_SEG$1            0.874       0.049      0.000       0.788       0.975      *
    R_SEG$2            1.528       0.049      0.000       1.442       1.629      *
    R_SEG$3            1.905       0.049      0.000       1.818       2.004      *

 Variances
    R_SEG              0.710       0.078      0.000       0.578       0.882      *


STANDARDIZED MODEL RESULTS


STDYX Standardization

                                Posterior  One-Tailed         95% C.I.
                    Estimate       S.D.      P-Value   Lower 2.5%  Upper 2.5%  Significance
Within Level

Between Level

 Thresholds
    R_SEG$1            0.874       0.049      0.000       0.788       0.975      *
    R_SEG$2            1.528       0.049      0.000       1.442       1.629      *
    R_SEG$3            1.905       0.049      0.000       1.818       2.004      *

 Variances
    R_SEG              1.000       0.000      0.000       1.000       1.000


STDY Standardization

                                Posterior  One-Tailed         95% C.I.
                    Estimate       S.D.      P-Value   Lower 2.5%  Upper 2.5%  Significance
Within Level

Between Level

 Thresholds
    R_SEG$1            0.874       0.049      0.000       0.788       0.975      *
    R_SEG$2            1.528       0.049      0.000       1.442       1.629      *
    R_SEG$3            1.905       0.049      0.000       1.818       2.004      *

 Variances
    R_SEG              1.000       0.000      0.000       1.000       1.000


STD Standardization

                                Posterior  One-Tailed         95% C.I.
                    Estimate       S.D.      P-Value   Lower 2.5%  Upper 2.5%  Significance
Within Level

Between Level

 Thresholds
    R_SEG$1            0.874       0.049      0.000       0.788       0.975      *
    R_SEG$2            1.528       0.049      0.000       1.442       1.629      *
    R_SEG$3            1.905       0.049      0.000       1.818       2.004      *

 Variances
    R_SEG              0.710       0.078      0.000       0.578       0.882      *


TECHNICAL 1 OUTPUT


     PARAMETER SPECIFICATION FOR WITHIN


           TAU
              R_SEG$1       R_SEG$2       R_SEG$3
              ________      ________      ________
                    0             0             0


           NU
              R_SEG
              ________
                    0


           THETA
              R_SEG
              ________
 R_SEG              0


     PARAMETER SPECIFICATION FOR BETWEEN


           TAU
              R_SEG$1       R_SEG$2       R_SEG$3
              ________      ________      ________
                    2             3             4


           NU
              R_SEG
              ________
                    0


           THETA
              R_SEG
              ________
 R_SEG              1


     STARTING VALUES FOR WITHIN


           TAU
              R_SEG$1       R_SEG$2       R_SEG$3
              ________      ________      ________
                0.000         0.000         0.000


           NU
              R_SEG
              ________
                0.000


           THETA
              R_SEG
              ________
 R_SEG          1.000


     STARTING VALUES FOR BETWEEN


           TAU
              R_SEG$1       R_SEG$2       R_SEG$3
              ________      ________      ________
                0.943         1.599         1.990


           NU
              R_SEG
              ________
                0.000


           THETA
              R_SEG
              ________
 R_SEG          1.000



     PRIORS FOR ALL PARAMETERS            PRIOR MEAN      PRIOR VARIANCE     PRIOR STD. DEV.

     Parameter 1~IG(-1.000,0.000)          infinity            infinity            infinity
     Parameter 2~N(0.000,5.000)              0.0000              5.0000              2.2361
     Parameter 3~N(0.000,5.000)              0.0000              5.0000              2.2361
     Parameter 4~N(0.000,5.000)              0.0000              5.0000              2.2361


TECHNICAL 8 OUTPUT


   TECHNICAL 8 OUTPUT FOR BAYES ESTIMATION

     PROCESSOR    BSEED
     1            0
     2            285380
     3            253358
     4            93468

                     POTENTIAL       PARAMETER WITH
     ITERATION    SCALE REDUCTION      HIGHEST PSR
     100              1.008               1
     200              1.043               2
     300              1.108               2
     400              1.109               2
     500              1.025               2
     600              1.026               2
     700              1.029               2
     800              1.025               2
     900              1.028               2
     1000             1.032               2
     1100             1.021               2
     1200             1.006               2
     1300             1.000               1
     1400             1.008               2
     1500             1.034               2
     1600             1.074               2
     1700             1.119               2
     1800             1.185               2
     1900             1.228               2
     2000             1.247               2
     2100             1.278               2
     2200             1.315               2
     2300             1.376               2
     2400             1.431               2
     2500             1.470               2
     2600             1.536               2
     2700             1.582               2
     2800             1.626               2
     2900             1.679               2
     3000             1.738               2
     3100             1.783               2
     3200             1.809               2
     3300             1.829               2
     3400             1.825               2
     3500             1.823               2
     3600             1.776               2
     3700             1.739               2
     3800             1.713               2
     3900             1.670               2
     4000             1.627               2
     4100             1.586               2
     4200             1.551               2
     4300             1.531               2
     4400             1.514               2
     4500             1.484               2
     4600             1.451               2
     4700             1.401               2
     4800             1.370               2
     4900             1.340               2
     5000             1.303               2
     5100             1.285               2
     5200             1.260               2
     5300             1.228               2
     5400             1.194               2
     5500             1.159               2
     5600             1.132               2
     5700             1.109               2
     5800             1.087               2
     5900             1.067               2
     6000             1.051               2
     6100             1.036               2
     6200             1.027               2
     6300             1.017               2
     6400             1.010               2
     6500             1.004               2
     6600             1.000               2
     6700             1.000               2
     6800             1.003               2
     6900             1.010               2
     7000             1.023               2
     7100             1.040               2
     7200             1.058               2
     7300             1.080               2
     7400             1.101               2
     7500             1.118               2
     7600             1.128               2
     7700             1.139               2
     7800             1.153               2
     7900             1.168               2
     8000             1.185               2
     8100             1.203               2
     8200             1.221               2
     8300             1.240               2
     8400             1.260               2
     8500             1.284               2
     8600             1.313               2
     8700             1.343               2
     8800             1.372               2
     8900             1.403               2
     9000             1.436               2
     9100             1.466               2
     9200             1.496               2
     9300             1.522               2
     9400             1.548               2
     9500             1.574               2
     9600             1.592               2
     9700             1.614               2
     9800             1.631               2
     9900             1.645               2
     10000            1.656               2
     10100            1.678               2
     10200            1.707               2
     10300            1.730               2
     10400            1.745               2
     10500            1.745               2
     10600            1.744               2
     10700            1.727               2
     10800            1.695               2
     10900            1.659               2
     11000            1.629               2
     11100            1.607               2
     11200            1.605               2
     11300            1.619               2
     11400            1.635               2
     11500            1.643               2
     11600            1.653               2
     11700            1.662               2
     11800            1.667               2
     11900            1.677               2
     12000            1.697               2
     12100            1.707               2
     12200            1.715               2
     12300            1.724               2
     12400            1.736               2
     12500            1.745               2
     12600            1.744               2
     12700            1.729               2
     12800            1.698               2
     12900            1.677               2
     13000            1.658               2
     13100            1.644               2
     13200            1.637               2
     13300            1.633               2
     13400            1.627               2
     13500            1.625               2
     13600            1.619               2
     13700            1.615               2
     13800            1.609               2
     13900            1.605               2
     14000            1.598               2
     14100            1.590               2
     14200            1.591               2
     14300            1.592               2
     14400            1.590               2
     14500            1.592               2
     14600            1.592               2
     14700            1.590               2
     14800            1.594               2
     14900            1.605               2
     15000            1.615               2
     15100            1.637               2
     15200            1.664               2
     15300            1.687               2
     15400            1.704               2
     15500            1.716               2
     15600            1.731               2
     15700            1.750               2
     15800            1.762               2
     15900            1.768               2
     16000            1.778               2
     16100            1.792               2
     16200            1.810               2
     16300            1.827               2
     16400            1.844               2
     16500            1.861               2
     16600            1.878               2
     16700            1.877               2
     16800            1.868               2
     16900            1.851               2
     17000            1.835               2
     17100            1.823               2
     17200            1.810               2
     17300            1.805               2
     17400            1.797               2
     17500            1.784               2
     17600            1.766               2
     17700            1.749               2
     17800            1.732               2
     17900            1.716               2
     18000            1.702               2
     18100            1.693               2
     18200            1.682               2
     18300            1.668               2
     18400            1.647               2
     18500            1.625               2
     18600            1.605               2
     18700            1.588               2
     18800            1.569               2
     18900            1.553               2
     19000            1.539               2
     19100            1.523               2
     19200            1.508               2
     19300            1.493               2
     19400            1.480               2
     19500            1.466               2
     19600            1.457               2
     19700            1.452               2
     19800            1.450               2
     19900            1.449               2
     20000            1.445               2
     20100            1.440               2
     20200            1.439               2
     20300            1.436               2
     20400            1.437               2
     20500            1.436               2
     20600            1.439               2
     20700            1.438               2
     20800            1.439               2
     20900            1.446               2
     21000            1.453               2
     21100            1.460               2
     21200            1.466               2
     21300            1.473               2
     21400            1.483               2
     21500            1.491               2
     21600            1.501               2
     21700            1.508               2
     21800            1.515               2
     21900            1.522               2
     22000            1.529               2
     22100            1.534               2
     22200            1.536               2
     22300            1.535               2
     22400            1.536               2
     22500            1.535               2
     22600            1.531               2
     22700            1.528               2
     22800            1.529               2
     22900            1.531               2
     23000            1.537               2
     23100            1.538               2
     23200            1.535               2
     23300            1.533               2
     23400            1.530               2
     23500            1.534               2
     23600            1.538               2
     23700            1.546               2
     23800            1.550               2
     23900            1.554               2
     24000            1.557               2
     24100            1.559               2
     24200            1.560               2
     24300            1.563               2
     24400            1.568               2
     24500            1.575               2
     24600            1.579               2
     24700            1.582               2
     24800            1.585               2
     24900            1.586               2
     25000            1.585               2
     25100            1.583               2
     25200            1.585               2
     25300            1.588               2
     25400            1.591               2
     25500            1.596               2
     25600            1.600               2
     25700            1.601               2
     25800            1.606               2
     25900            1.609               2
     26000            1.610               2
     26100            1.610               2
     26200            1.612               2
     26300            1.613               2
     26400            1.612               2
     26500            1.611               2
     26600            1.602               2
     26700            1.591               2
     26800            1.585               2
     26900            1.581               2
     27000            1.574               2
     27100            1.565               2
     27200            1.556               2
     27300            1.541               2
     27400            1.530               2
     27500            1.519               2
     27600            1.510               2
     27700            1.504               2
     27800            1.496               2
     27900            1.487               2
     28000            1.471               2
     28100            1.453               2
     28200            1.435               2
     28300            1.422               2
     28400            1.409               2
     28500            1.396               2
     28600            1.381               2
     28700            1.367               2
     28800            1.349               2
     28900            1.332               2
     29000            1.317               2
     29100            1.303               2
     29200            1.288               2
     29300            1.275               2
     29400            1.262               2
     29500            1.252               2
     29600            1.241               2
     29700            1.231               2
     29800            1.222               2
     29900            1.211               2
     30000            1.200               2
     30100            1.189               2
     30200            1.174               2
     30300            1.163               2
     30400            1.155               2
     30500            1.145               2
     30600            1.136               2
     30700            1.128               2
     30800            1.119               2
     30900            1.109               2
     31000            1.101               2
     31100            1.094               2
     31200            1.088               2
     31300            1.082               2
     31400            1.077               2
     31500            1.073               2
     31600            1.070               2
     31700            1.068               2
     31800            1.067               2


PLOT INFORMATION

The following plots are available:

  Sample proportions and estimated probabilities
  Bayesian posterior parameter distributions
  Bayesian posterior parameter trace plots
  Bayesian autocorrelation plots
  Bayesian prior parameter distributions
  Bayesian posterior predictive checking scatterplots
  Bayesian posterior predictive checking distribution plots

DIAGRAM INFORMATION

  Mplus diagrams are currently not available for multilevel analysis.
  No diagram output was produced.


     Beginning Time:  18:03:46
        Ending Time:  18:18:35
       Elapsed Time:  00:14:49



MUTHEN & MUTHEN
3463 Stoner Ave.
Los Angeles, CA  90066

Tel: (310) 391-9971
Fax: (310) 391-8971
Web: www.StatModel.com
Support: Support@StatModel.com

Copyright (c) 1998-2024 Muthen & Muthen
